// Jest Snapshot v1, https://goo.gl/fbAQLP

exports[`My Connected React-Redux Component should render with given state from Redux store 1`] = `
Array [
  <a
    className="btn btn-light my-3"
    href="/"
    onClick={[Function]}
  >
    Return to Shop
  </a>,
  <div
    className="row"
  >
    <div
      className="col-md-8"
    >
      <h1>
        Your Shopping Trolley
      </h1>
      <div
        className="list-group list-group-flush"
        onKeyDown={[Function]}
      >
        <div
          className="list-group-item"
          data-rb-event-key={null}
          disabled={false}
          onClick={[Function]}
        >
          <div
            className="row"
          >
            <div
              className="col-md-2"
            >
              <img
                alt="Chicken"
                className="img-fluid rounded"
                src="/images/chicken.jpg"
              />
            </div>
            <div
              className="col-md-3"
            >
              <a
                href="/product/5fa1943bcbfa945cfbf5717b"
                onClick={[Function]}
              >
                <strong>
                  Chicken
                </strong>
              </a>
            </div>
            <div
              className="col-md-2"
            >
              <strong>
                £ 
                8.79
              </strong>
            </div>
            <div
              className="col-md-2"
            >
              <select
                className="form-control"
                onChange={[Function]}
                value={1}
              >
                <option
                  value={1}
                >
                  1
                </option>
                <option
                  value={2}
                >
                  2
                </option>
                <option
                  value={3}
                >
                  3
                </option>
                <option
                  value={4}
                >
                  4
                </option>
                <option
                  value={5}
                >
                  5
                </option>
                <option
                  value={6}
                >
                  6
                </option>
                <option
                  value={7}
                >
                  7
                </option>
                <option
                  value={8}
                >
                  8
                </option>
                <option
                  value={9}
                >
                  9
                </option>
                <option
                  value={10}
                >
                  10
                </option>
              </select>
            </div>
            <div
              className="col-md-2"
            >
              <button
                className="btn btn-danger"
                disabled={false}
                onClick={[Function]}
                type="button"
              >
                <i
                  className="fas fa-trash"
                />
              </button>
            </div>
          </div>
        </div>
      </div>
    </div>
    <div
      className="col-md-4"
    >
      <div
        className="card"
      >
        <div
          className="list-group-item list-group-item-flush"
          disabled={false}
          onClick={[Function]}
        >
          <h2>
            Subtotal (
            1
            ) items
          </h2>
          £
           
          8.79
        </div>
        <div
          className="list-group-item"
          disabled={false}
          onClick={[Function]}
        >
          <button
            className="btn-block btn btn-primary"
            disabled={false}
            onClick={[Function]}
            type="button"
          >
            Proceed To Checkout
          </button>
        </div>
      </div>
    </div>
  </div>,
]
`;
